// Jest Snapshot v1, https://goo.gl/fbAQLP

exports[`Root page should match the snapshot 1`] = `
<div>
  <div
    class="flex min-h-svh items-center justify-center"
  >
    <div
      class="flex flex-col items-center justify-center gap-4"
    >
      <h1
        class="text-2xl font-bold"
      >
        Hello World
      </h1>
      <button
        class="inline-flex items-center justify-center whitespace-nowrap text-sm font-medium transition-[color,box-shadow] disabled:pointer-events-none disabled:opacity-50 [&_svg]:pointer-events-none [&_svg:not([class*='size-'])]:size-4 shrink-0 [&_svg]:shrink-0 outline-none focus-visible:border-ring focus-visible:ring-ring/50 focus-visible:ring-[3px] aria-invalid:ring-destructive/20 dark:aria-invalid:ring-destructive/40 aria-invalid:border-destructive bg-primary text-primary-foreground shadow-xs hover:bg-primary/90 h-8 rounded-md gap-1.5 px-3 has-[>svg]:px-2.5"
        data-slot="button"
      >
        Button
      </button>
    </div>
  </div>
</div>
`;
